model : 
{
  burgers : 
  {
    nx = 5000;
    dx = 8000.0;
    R = 0.000001;
    dt = 120.0;
    bc_option = 2;
    linear_option = 2;
    stochastic_option = 1;
  };
};
